REUSE T01_rest 0fe467d6825df2bc6e5584f6f601e2032d5d1827629e5fd61ef4ac1a7b56054a
REUSE T01_moving ba7c37078adb0dd4a05db49be341642a8f1a717db5c27bf11e7163d69aa96044
REUSE T02_sod 11eb90f1730be643232ca64aef48b01bfbddb60bd3d0669e1e4b88c2436d8de5
REUSE T03 8eba830c5fdbae80d44221febf008fe9cac7247f8c102cfad2ea7071b6e0d2db
START T04 timeout=300
PROGRESS T04 N=800 step=2000 t=0.0019563985
END T04 PASS 150.96800000034273 []
START T05 timeout=300
PROGRESS T05 N=800 step=2000 t=0.0019373333
END T05 PASS 150.953000000678 []
START T06_contact timeout=300
PROGRESS T06_contact N=400 step=2000 t=0.0047394517
END T06_contact PASS 66.51499999966472 []
START T07_periodic timeout=300
END T07_periodic PASS 3.0319999996572733 []
START T07_closed timeout=300
END T07_closed PASS 2.593999999575317 []
START T07_open timeout=300
END T07_open PASS 2.610000000335276 []
START T08_constant_rest_100 timeout=300
END T08_constant_rest_100 PASS 1.0619999999180436 []
START T08_constant_rest_200 timeout=300
END T08_constant_rest_200 PASS 4.188000000081956 []
START T08_constant_rest_400 timeout=300
END T08_constant_rest_400 PASS 19.25 []
START T08_smooth_rest_100 timeout=300
END T08_smooth_rest_100 PASS 1.4839999992400408 []
START T08_smooth_rest_200 timeout=300
END T08_smooth_rest_200 PASS 6.625 []
START T08_smooth_rest_400 timeout=300
END T08_smooth_rest_400 PASS 32.188000000081956 []
START T08_frustum_rest_100 timeout=300
END T08_frustum_rest_100 PASS 1.5469999993219972 []
START T08_frustum_rest_200 timeout=300
END T08_frustum_rest_200 PASS 5.296000000089407 []
START T08_frustum_rest_400 timeout=300
END T08_frustum_rest_400 PASS 31.65599999949336 []
START T08_constant_flow_100 timeout=300
END T08_constant_flow_100 PASS 1.4530000006780028 []
START T08_constant_flow_200 timeout=300
END T08_constant_flow_200 PASS 14.04700000025332 []
START T08_constant_flow_400 timeout=300
PROGRESS T08_constant_flow_400 N=400 step=2000 t=0.0024785709
END T08_constant_flow_400 PASS 61.40600000042468 []
START T08_smooth_flow_100 timeout=300
END T08_smooth_flow_100 PASS 3.125 []
START T08_smooth_flow_200 timeout=300
END T08_smooth_flow_200 PASS 12.07799999974668 []
START T08_smooth_flow_400 timeout=300
END T08_smooth_flow_400 PASS 45.79600000008941 []
START T08_frustum_flow_100 timeout=300
END T08_frustum_flow_100 PASS 2.4690000005066395 []
START T08_frustum_flow_200 timeout=300
END T08_frustum_flow_200 PASS 8.593999999575317 []
START T08_frustum_flow_400 timeout=300
END T08_frustum_flow_400 PASS 29.265000000596046 []
START T09_contact timeout=300
PROGRESS T09_contact N=400 step=2000 t=0.0047394517
END T09_contact PASS 66.06199999991804 []
START T09_reverse timeout=300
PROGRESS T09_reverse N=400 step=2000 t=0.0048311121
END T09_reverse PASS 62.39099999982864 []
START T09_inleft timeout=300
END T09_inleft PASS 29.531000000424683 []
START T09_inright timeout=300
END T09_inright PASS 27.890999999828637 []
START T10_100 timeout=300
END T10_100 PASS 8.014999999664724 []
START T10_200 timeout=300
PROGRESS T10_200 N=200 step=2000 t=0.0093579338
END T10_200 PASS 32.04700000025332 []
START T10_400 timeout=300
PROGRESS T10_400 N=400 step=2000 t=0.0046780145
PROGRESS T10_400 N=400 step=4000 t=0.0093564227
PROGRESS T10_400 N=400 step=6000 t=0.014035133
END T10_400 PASS 129.46899999957532 []
START T10_800 timeout=300
PROGRESS T10_800 N=800 step=2000 t=0.0023388877
PROGRESS T10_800 N=800 step=4000 t=0.0046778246
PROGRESS T10_800 N=800 step=6000 t=0.0070167995
END T10_800 FAIL 300.0470000002533 ['completed']
REUSE T12_expansion 508ead694fd73c7c098e869262be2ed85714b1df560cb2976bf4f2e29400878f
REUSE T12_contact 68fd8e07ee17883d9e4d84a1af3b3065ad3aaedc8f7f8444a3a39f12c69be7a2
REUSE T12_pure0 b458b6354793ed2933cff238965992b9f437b92ff7328aa90b7c6a2b2d01ee7d
REUSE T12_pure1 d14330649d9fab6099fe58bc49143b1d31aace6ca89306d45e6fdf287ba7c7c1
