test_adaptive_cancellation_latency (test_adaptive.AdaptiveTests.test_adaptive_cancellation_latency) ... ok
test_all_derivative_evaluations_are_counted_and_limited (test_adaptive.AdaptiveTests.test_all_derivative_evaluations_are_counted_and_limited) ... ok
test_controller_bounds_and_zero (test_adaptive.AdaptiveTests.test_controller_bounds_and_zero) ... ok
test_event_alignment_and_heat_branches (test_adaptive.AdaptiveTests.test_event_alignment_and_heat_branches) ... ok
test_local_error_rejects_positive_states_and_keeps_only_halves (test_adaptive.AdaptiveTests.test_local_error_rejects_positive_states_and_keeps_only_halves) ... ok
test_minimum_applies_to_each_half_step (test_adaptive.AdaptiveTests.test_minimum_applies_to_each_half_step) ... ok
test_normalization_all_twelve_components_and_nonfinite (test_adaptive.AdaptiveTests.test_normalization_all_twelve_components_and_nonfinite) ... ok
test_physical_return_is_not_blocked (test_adaptive.AdaptiveTests.test_physical_return_is_not_blocked) ... ok
test_recorded_interval_improves_before_formal_series (test_adaptive.AdaptiveTests.test_recorded_interval_improves_before_formal_series) ... ok
test_runner_audits_both_accepted_halves (test_adaptive.AdaptiveTests.test_runner_audits_both_accepted_halves) ... ok
test_context_collapses_keyboard_and_resize_without_horizontal_scroll (test_cae_ui.CAETests.test_context_collapses_keyboard_and_resize_without_horizontal_scroll) ... ok
test_details_opens_actual_parameters_without_worker (test_cae_ui.CAETests.test_details_opens_actual_parameters_without_worker) ... ok
test_example_cancel_and_save_cancel_preserve_editor (test_cae_ui.CAETests.test_example_cancel_and_save_cancel_preserve_editor) ... ok
test_four_file_copies_save_without_touching_resources (test_cae_ui.CAETests.test_four_file_copies_save_without_touching_resources) ... ok
test_invalid_rpm_and_sweep_keep_drafts_and_contract (test_cae_ui.CAETests.test_invalid_rpm_and_sweep_keep_drafts_and_contract) ... ok
test_new_project_and_real_preparation (test_cae_ui.CAETests.test_new_project_and_real_preparation) ... ok
test_plot_preserves_temporal_order_and_empty_axes (test_cae_ui.CAETests.test_plot_preserves_temporal_order_and_empty_axes) ... ok
test_result_context_stays_with_evidence_and_stale_is_visible (test_cae_ui.CAETests.test_result_context_stays_with_evidence_and_stale_is_visible) ... ok
test_complete_and_incomplete_persistence (test_characteristics.CharacteristicsTests.test_complete_and_incomplete_persistence) ... ok
test_displacement_dependencies (test_characteristics.CharacteristicsTests.test_displacement_dependencies) ... ok
test_empty_and_decimal_inputs (test_characteristics.CharacteristicsTests.test_empty_and_decimal_inputs) ... ok
test_invalid_numeric_inputs_are_not_absent (test_characteristics.CharacteristicsTests.test_invalid_numeric_inputs_are_not_absent) ... ok
test_json_rejects_wrong_types_nonfinite_and_invalid_values (test_characteristics.CharacteristicsTests.test_json_rejects_wrong_types_nonfinite_and_invalid_values) ... ok
test_v1_read_does_not_write_and_explicit_save_upgrades (test_characteristics.CharacteristicsTests.test_v1_read_does_not_write_and_explicit_save_upgrades) ... ok
test_all_geometric_and_descriptive_changes (test_comparison.ComparisonTests.test_all_geometric_and_descriptive_changes) ... ok
test_csv_exact_numbers_units_ids_and_escaping (test_comparison.ComparisonTests.test_csv_exact_numbers_units_ids_and_escaping) ... ok
test_each_condition_difference_and_missing_metadata_blocks (test_comparison.ComparisonTests.test_each_condition_difference_and_missing_metadata_blocks) ... ok
test_export_existing_or_second_write_failure_preserves_data (test_comparison.ComparisonTests.test_export_existing_or_second_write_failure_preserves_data) ... ok
test_identity_and_values_from_summary_not_curve (test_comparison.ComparisonTests.test_identity_and_values_from_summary_not_curve) ... ok
test_phase_and_pv_order_preserve_sources (test_comparison.ComparisonTests.test_phase_and_pv_order_preserve_sources) ... ok
test_swap_rebases_relative_and_zero_has_no_denominator (test_comparison.ComparisonTests.test_swap_rebases_relative_and_zero_has_no_denominator) ... ok
test_selection_invalid_preserves_then_incompatible_clears (test_comparison.ComparisonWindowTests.test_selection_invalid_preserves_then_incompatible_clears) ... ok
test_ui_values_curves_and_export_failure_do_not_calculate (test_comparison.ComparisonWindowTests.test_ui_values_curves_and_export_failure_do_not_calculate) ... ok
test_existing_results_without_new_simulations (test_comparison.ExistingComparisonTests.test_existing_results_without_new_simulations) ... ok
test_build_identity_and_diagnostics_outside_resources (test_distribution.DistributionTests.test_build_identity_and_diagnostics_outside_resources) ... ok
test_frozen_worker_unicode_missing_and_found (test_distribution.DistributionTests.test_frozen_worker_unicode_missing_and_found) ... ok
test_optional_timings_v1_controlled_clock_and_historical_read (test_distribution.DistributionTests.test_optional_timings_v1_controlled_clock_and_historical_read) ... ok
test_source_command_absolute_and_cwd_independent (test_distribution.DistributionTests.test_source_command_absolute_and_cwd_independent) ... ok
test_worker_imports_no_qt (test_distribution.DistributionTests.test_worker_imports_no_qt) ... ok
test_absent_or_failed_worker_preserves_coherent_state (test_distribution.DistributionWindowTests.test_absent_or_failed_worker_preserves_coherent_state) ... ok
test_forced_stop_keeps_diagnostic_and_does_not_kill_other_process (test_distribution.DistributionWindowTests.test_forced_stop_keeps_diagnostic_and_does_not_kill_other_process) ... ok
test_interface_timings_only_current_result_and_permission_error (test_distribution.DistributionWindowTests.test_interface_timings_only_current_result_and_permission_error) ... ok
test_unwritable_target_does_not_start_or_destroy_previous_selection (test_distribution.DistributionWindowTests.test_unwritable_target_does_not_start_or_destroy_previous_selection) ... ok
test_contraction_discontinuity_and_order (test_ducts.DuctTests.test_contraction_discontinuity_and_order) ... ok
test_extreme_finite_dimensions (test_ducts.DuctTests.test_extreme_finite_dimensions) ... ok
test_independent_case_and_profile (test_ducts.DuctTests.test_independent_case_and_profile) ... ok
test_invalid_is_not_absent_and_parser (test_ducts.DuctTests.test_invalid_is_not_absent_and_parser) ... ok
test_malformed_v5_rejected (test_ducts.DuctTests.test_malformed_v5_rejected) ... ok
test_missing_results_have_independent_dependencies (test_ducts.DuctTests.test_missing_results_have_independent_dependencies) ... ok
test_roundtrip_both_routes_incomplete_order_without_derived (test_ducts.DuctTests.test_roundtrip_both_routes_incomplete_order_without_derived) ... ok
test_versions_one_to_four_preserve_values_and_do_not_write (test_ducts.DuctTests.test_versions_one_to_four_preserve_values_and_do_not_write) ... ok
test_files_canonical_fields_and_roundtrip (test_example_projects.PhysicalExampleTests.test_files_canonical_fields_and_roundtrip) ... ok
test_generator_is_deterministic_from_another_directory (test_example_projects.PhysicalExampleTests.test_generator_is_deterministic_from_another_directory) ... ok
test_generator_preserves_other_files_and_rejects_invalid_before_writes (test_example_projects.PhysicalExampleTests.test_generator_preserves_other_files_and_rejects_invalid_before_writes) ... ok
test_only_compression_differs (test_example_projects.PhysicalExampleTests.test_only_compression_differs) ... ok
test_cancel_and_cancelled_save_preserve_everything (test_examples.ExampleTests.test_cancel_and_cancelled_save_preserve_everything) ... ok
test_canonical_fields_variants_and_identification (test_examples.ExampleTests.test_canonical_fields_variants_and_identification) ... ok
test_comparison_reference_and_variant_fixtures (test_examples.ExampleTests.test_comparison_reference_and_variant_fixtures) ... ok
test_each_action_loads_editable_project_and_actual_simulation_inputs (test_examples.ExampleTests.test_each_action_loads_editable_project_and_actual_simulation_inputs) ... ok
test_failed_save_blocks_loading_and_keeps_path (test_examples.ExampleTests.test_failed_save_blocks_loading_and_keeps_path) ... ok
test_save_asks_new_path_and_roundtrips (test_examples.ExampleTests.test_save_asks_new_path_and_roundtrips) ... ok
test_save_previous_then_load_and_discard (test_examples.ExampleTests.test_save_previous_then_load_and_discard) ... ok
test_bar_conversion_and_original_preserved (test_external_data.ExternalParserTests.test_bar_conversion_and_original_preserved) ... ok
test_duplicates_numeric_and_exact_decimal_identity (test_external_data.ExternalParserTests.test_duplicates_numeric_and_exact_decimal_identity) ... ok
test_invalid_numbers_report_row_and_column (test_external_data.ExternalParserTests.test_invalid_numbers_report_row_and_column) ... ok
test_malformed_headers_columns_and_no_data (test_external_data.ExternalParserTests.test_malformed_headers_columns_and_no_data) ... ok
test_pressure_rejects_zero_negative_and_overflow (test_external_data.ExternalParserTests.test_pressure_rejects_zero_negative_and_overflow) ... ok
test_unknown_metadata_and_incompatible_definitions (test_external_data.ExternalParserTests.test_unknown_metadata_and_incompatible_definitions) ... ok
test_work_signs_bom_unsorted_and_outside_solver (test_external_data.ExternalParserTests.test_work_signs_bom_unsorted_and_outside_solver) ... ok
test_exclusive_destination_and_failed_metadata_write (test_external_data.ExternalPersistenceTests.test_exclusive_destination_and_failed_metadata_write) ... ok
test_existing_real_sweep_read_only_no_motor (test_external_data.ExternalPersistenceTests.test_existing_real_sweep_read_only_no_motor) ... ERROR
test_export_faithful_provenance_blanks_and_no_overwrite (test_external_data.ExternalPersistenceTests.test_export_faithful_provenance_blanks_and_no_overwrite) ... ok
test_required_independent_arithmetic_and_summary_source (test_external_data.ExternalPersistenceTests.test_required_independent_arithmetic_and_summary_source) ... ok
test_revalidation_hash_rules_units_path_id_and_structure (test_external_data.ExternalPersistenceTests.test_revalidation_hash_rules_units_path_id_and_structure) ... ok
test_roundtrip_without_source_bytes_and_metadata (test_external_data.ExternalPersistenceTests.test_roundtrip_without_source_bytes_and_metadata) ... ok
test_zero_unmatched_failure_and_no_interpolation (test_external_data.ExternalPersistenceTests.test_zero_unmatched_failure_and_no_interpolation) ... ok
test_contrast_export_preserves_project_and_uses_loaded_inputs (test_external_data.ExternalWindowTests.test_contrast_export_preserves_project_and_uses_loaded_inputs) ... ok
test_explicit_declaration_preview_invalidation_and_cancel (test_external_data.ExternalWindowTests.test_explicit_declaration_preview_invalidation_and_cancel) ... ok
test_import_confirm_roundtrip_unknown_conditions_and_previous_preserved (test_external_data.ExternalWindowTests.test_import_confirm_roundtrip_unknown_conditions_and_previous_preserved) ... ok
test_closed_actual_model_adiabatic_heat_and_full_cycle_work (test_four_stroke.FourStrokeTests.test_closed_actual_model_adiabatic_heat_and_full_cycle_work) ... ok
test_domains_missing_invalid_and_incompatible (test_four_stroke.FourStrokeTests.test_domains_missing_invalid_and_incompatible) ... ok
test_lift_area_and_periodic_overlap_independent (test_four_stroke.FourStrokeTests.test_lift_area_and_periodic_overlap_independent) ... ok
test_norm_covers_nine_real_components_not_accumulators (test_four_stroke.FourStrokeTests.test_norm_covers_nine_real_components_not_accumulators) ... ok
test_preflight_open_heat_and_absence_no_fallback (test_four_stroke.FourStrokeTests.test_preflight_open_heat_and_absence_no_fallback) ... ok
test_shared_runner_one_heat_capture_in_720 (test_four_stroke.FourStrokeTests.test_shared_runner_one_heat_capture_in_720) ... ok
test_three_real_volumes_initial_inventory_and_periods (test_four_stroke.FourStrokeTests.test_three_real_volumes_initial_inventory_and_periods) ... ok
test_v6_roundtrip_incomplete_and_legacy_no_rewrite (test_four_stroke.FourStrokeTests.test_v6_roundtrip_incomplete_and_legacy_no_rewrite) ... ok
test_balances_and_convergence_block (test_four_stroke_acceptance.AcceptanceTests.test_balances_and_convergence_block) ... ok
test_missing_blocks (test_four_stroke_acceptance.AcceptanceTests.test_missing_blocks) ... ok
test_nonfinite_or_incoherent_physics_blocks (test_four_stroke_acceptance.AcceptanceTests.test_nonfinite_or_incoherent_physics_blocks) ... ok
test_normal (test_four_stroke_acceptance.AcceptanceTests.test_normal) ... ok
test_outside_practical (test_four_stroke_acceptance.AcceptanceTests.test_outside_practical) ... ok
test_practical_not_monotonic (test_four_stroke_acceptance.AcceptanceTests.test_practical_not_monotonic) ... ok
test_diagnostic_reopen_strict_dimensions_phase_and_no_carter (test_four_stroke_integration.FourIntegrationTests.test_diagnostic_reopen_strict_dimensions_phase_and_no_carter) ... ok
test_external_cycle_explicit_and_history_not_reinterpreted (test_four_stroke_integration.FourIntegrationTests.test_external_cycle_explicit_and_history_not_reinterpreted) ... ok
test_external_pressure_declares_cycle_and_preserves_bar_conversion (test_four_stroke_integration.FourIntegrationTests.test_external_pressure_declares_cycle_and_preserves_bar_conversion) ... ok
test_four_comparison_phase_no_carter_and_cross_cycle_rejected (test_four_stroke_integration.FourIntegrationTests.test_four_comparison_phase_no_carter_and_cross_cycle_rejected) ... ok
test_reference_project_identical_numeric_inputs (test_four_stroke_integration.FourIntegrationTests.test_reference_project_identical_numeric_inputs) ... ok
test_rpm_time_derivative_and_heat (test_four_stroke_integration.FourIntegrationTests.test_rpm_time_derivative_and_heat) ... ok
test_sweep_fresh_copies_and_stop_without_integrating (test_four_stroke_integration.FourIntegrationTests.test_sweep_fresh_copies_and_stop_without_integrating) ... ok
test_valves_timing_ducts_and_geometry_reach_model (test_four_stroke_integration.FourIntegrationTests.test_valves_timing_ducts_and_geometry_reach_model) ... ok
test_snapshot_ignores_inactive_2t_and_aggregates_active_errors (test_four_stroke_integration.FourWindowIntegrationTests.test_snapshot_ignores_inactive_2t_and_aggregates_active_errors) ... ok
test_snapshot_process_single_cancel_close_and_stale (test_four_stroke_integration.FourWindowIntegrationTests.test_snapshot_process_single_cancel_close_and_stale) ... ok
test_cycle_independence_preserves_invalid_drafts_and_common_data (test_four_stroke_window.FourStrokeWindowTests.test_cycle_independence_preserves_invalid_drafts_and_common_data) ... ok
test_edit_save_reopen_events_and_missing_clear (test_four_stroke_window.FourStrokeWindowTests.test_edit_save_reopen_events_and_missing_clear) ... ok
test_invalid_save_cancel_errors_and_incompatible_geometry (test_four_stroke_window.FourStrokeWindowTests.test_invalid_save_cancel_errors_and_incompatible_geometry) ... ok
test_keyboard_compact_and_no_stale_curve (test_four_stroke_window.FourStrokeWindowTests.test_keyboard_compact_and_no_stale_curve) ... ok
test_legacy_4t_keeps_historical_ducts_in_2t (test_four_stroke_window.FourStrokeWindowTests.test_legacy_4t_keeps_historical_ducts_in_2t) ... ok
test_dependencies_and_invalid_inputs (test_intake.IntakeTests.test_dependencies_and_invalid_inputs) ... ok
test_domain_and_saveable_incompatibility (test_intake.IntakeTests.test_domain_and_saveable_incompatibility) ... ok
test_events_not_samples_and_updates (test_intake.IntakeTests.test_events_not_samples_and_updates) ... ok
test_independent_case_crosses_tdc (test_intake.IntakeTests.test_independent_case_crosses_tdc) ... ok
test_malformed_intake_rejected (test_intake.IntakeTests.test_malformed_intake_rejected) ... ok
test_numeric_range_and_cancellation (test_intake.IntakeTests.test_numeric_range_and_cancellation) ... ok
test_parse_optional_decimal_and_invalid (test_intake.IntakeTests.test_parse_optional_decimal_and_invalid) ... ok
test_partial_and_never_opens (test_intake.IntakeTests.test_partial_and_never_opens) ... ok
test_roundtrip_complete_incomplete_undefined_and_legacy (test_intake.IntakeTests.test_roundtrip_complete_incomplete_undefined_and_legacy) ... ok
test_dead_centers_and_periodicity (test_kinematics.KinematicsTests.test_dead_centers_and_periodicity) ... ok
test_displacement_does_not_require_compression (test_kinematics.KinematicsTests.test_displacement_does_not_require_compression) ... ok
test_incompatible_and_invalid_inputs (test_kinematics.KinematicsTests.test_incompatible_and_invalid_inputs) ... ok
test_independent_345_triangle (test_kinematics.KinematicsTests.test_independent_345_triangle) ... ok
test_independent_dependencies (test_kinematics.KinematicsTests.test_independent_dependencies) ... ok
test_numeric_limits_are_explained (test_kinematics.KinematicsTests.test_numeric_limits_are_explained) ... ok
test_volumes_and_range (test_kinematics.KinematicsTests.test_volumes_and_range) ... ok
test_comparison_swap_and_csv_precision (test_performance.DerivedTests.test_comparison_swap_and_csv_precision) ... ok
test_failed_points_and_mixed_cycle_rejected (test_performance.DerivedTests.test_failed_points_and_mixed_cycle_rejected) ... ok
test_independent_analytic_two_and_four (test_performance.DerivedTests.test_independent_analytic_two_and_four) ... ok
test_invalid_and_signed_finite_work (test_performance.DerivedTests.test_invalid_and_signed_finite_work) ... ok
test_performance_and_series_exports_no_fake_zeros (test_performance.DerivedTests.test_performance_and_series_exports_no_fake_zeros) ... ok
test_preserved_results_exact_inputs_and_no_mutation (test_performance.DerivedTests.test_preserved_results_exact_inputs_and_no_mutation) ... ok
test_both_cycles_point_selection_detail_results_and_keyboard (test_performance.PerformanceUITests.test_both_cycles_point_selection_detail_results_and_keyboard) ... ok
test_compact_layout_and_csv (test_performance.PerformanceUITests.test_compact_layout_and_csv) ... ok
test_empty_navigation_and_reuse_no_worker (test_performance.PerformanceUITests.test_empty_navigation_and_reuse_no_worker) ... ok
test_failed_gap_cannot_open_and_valid_replacement_preserved_on_error (test_performance.PerformanceUITests.test_failed_gap_cannot_open_and_valid_replacement_preserved_on_error) ... ok
test_cancel_recalculation_preserves_curve_plan_and_retry (test_performance_recalculation.PerformanceRecalculationTests.test_cancel_recalculation_preserves_curve_plan_and_retry) ... ok
test_error_nonconvergence_and_first_failure_recover (test_performance_recalculation.PerformanceRecalculationTests.test_error_nonconvergence_and_first_failure_recover) ... ok
test_history_edit_does_not_reclassify_as_current_motor (test_performance_recalculation.PerformanceRecalculationTests.test_history_edit_does_not_reclassify_as_current_motor) ... ok
test_rpm_edit_keeps_curve_and_separates_project_and_plan (test_performance_recalculation.PerformanceRecalculationTests.test_rpm_edit_keeps_curve_and_separates_project_and_plan) ... ok
test_three_consecutive_calculations_replace_only_at_completion (test_performance_recalculation.PerformanceRecalculationTests.test_three_consecutive_calculations_replace_only_at_completion) ... ok
test_both_cycles_exact_shared_start_progress_cancel (test_performance_session.PerformanceSessionTests.test_both_cycles_exact_shared_start_progress_cancel) ... ok
test_cancelled_empty_sweep_offers_retry (test_performance_session.PerformanceSessionTests.test_cancelled_empty_sweep_offers_retry) ... ok
test_empty_examples_no_dialog_no_process (test_performance_session.PerformanceSessionTests.test_empty_examples_no_dialog_no_process) ... ok
test_finish_from_each_workspace_automatic_and_preserved (test_performance_session.PerformanceSessionTests.test_finish_from_each_workspace_automatic_and_preserved) ... ok
test_invalid_range_and_project_do_not_launch (test_performance_session.PerformanceSessionTests.test_invalid_range_and_project_do_not_launch) ... ok
test_project_changes_no_old_curve_historical_explicit (test_performance_session.PerformanceSessionTests.test_project_changes_no_old_curve_historical_explicit) ... ok
test_area_numeric_range_does_not_turn_into_valid_zero (test_ports.PortTests.test_area_numeric_range_does_not_turn_into_valid_zero) ... ok
test_events_not_rounded_to_degree (test_ports.PortTests.test_events_not_rounded_to_degree) ... ok
test_independent_synthetic_case (test_ports.PortTests.test_independent_synthetic_case) ... ok
test_legacy_files_unchanged_until_save (test_ports.PortTests.test_legacy_files_unchanged_until_save) ... ok
test_malformed_v3_rejected (test_ports.PortTests.test_malformed_v3_rejected) ... ok
test_missing_invalid_and_incompatible (test_ports.PortTests.test_missing_invalid_and_incompatible) ... ok
test_multiple_incomplete_roundtrip_and_delete (test_ports.PortTests.test_multiple_incomplete_roundtrip_and_delete) ... ok
test_new_numeric_validation (test_ports.PortTests.test_new_numeric_validation) ... ok
test_partial_and_never_open (test_ports.PortTests.test_partial_and_never_open) ... ok
test_invalid_names_and_cycles (test_project.ProjectTests.test_invalid_names_and_cycles) ... ok
test_invalid_object_fields_and_versions (test_project.ProjectTests.test_invalid_object_fields_and_versions) ... ok
test_valid_names_and_cycles_are_preserved (test_project.ProjectTests.test_valid_names_and_cycles_are_preserved) ... ok
test_child_revalidates_before_process_work_and_c_requires_snapshot (test_project_simulation.ProjectAdapterTests.test_child_revalidates_before_process_work_and_c_requires_snapshot) ... ok
test_closure_uses_events_across_360 (test_project_simulation.ProjectAdapterTests.test_closure_uses_events_across_360) ... ok
test_duct_discontinuity_and_intake_domain (test_project_simulation.ProjectAdapterTests.test_duct_discontinuity_and_intake_domain) ... ok
test_each_geometry_entry_reaches_model (test_project_simulation.ProjectAdapterTests.test_each_geometry_entry_reaches_model) ... ok
test_initial_inventories_scale_with_project_volumes (test_project_simulation.ProjectAdapterTests.test_initial_inventories_scale_with_project_volumes) ... ok
test_missing_and_invalid_aggregate (test_project_simulation.ProjectAdapterTests.test_missing_and_invalid_aggregate) ... ok
test_port_mapping_by_function_not_names_or_order (test_project_simulation.ProjectAdapterTests.test_port_mapping_by_function_not_names_or_order) ... ok
test_reference_unchanged_and_equal_geometry (test_project_simulation.ProjectAdapterTests.test_reference_unchanged_and_equal_geometry) ... ok
test_results_reopen_without_original_file_and_validate_contract (test_project_simulation.ProjectAdapterTests.test_results_reopen_without_original_file_and_validate_contract) ... ok
test_double_child_uses_snapshot_then_cooperative_cancel (test_project_simulation.ProjectSimulationWindowTests.test_double_child_uses_snapshot_then_cooperative_cancel) ... ok
test_result_provenance_stale_and_reopen_never_modify_editor (test_project_simulation.ProjectSimulationWindowTests.test_result_provenance_stale_and_reopen_never_modify_editor) ... ok
test_unsaved_snapshot_independent_and_invalid_drafts_aggregated (test_project_simulation.ProjectSimulationWindowTests.test_unsaved_snapshot_independent_and_invalid_drafts_aggregated) ... ok
test_hash_and_missing_files (test_reference_results.ReferenceResultTests.test_hash_and_missing_files) ... ok
test_rejects_false_success_wrong_case_and_file_names (test_reference_results.ReferenceResultTests.test_rejects_false_success_wrong_case_and_file_names) ... ok
test_rejects_malformed_balances_and_negative_peak (test_reference_results.ReferenceResultTests.test_rejects_malformed_balances_and_negative_peak) ... ok
test_rejects_nonfinite_and_incoherent_inventory (test_reference_results.ReferenceResultTests.test_rejects_nonfinite_and_incoherent_inventory) ... ok
test_rejects_wrong_units_and_cross_linked_files (test_reference_results.ReferenceResultTests.test_rejects_wrong_units_and_cross_linked_files) ... ok
test_reopens_cancelled_diagnostic_without_computing (test_reference_results.ReferenceResultTests.test_reopens_cancelled_diagnostic_without_computing) ... ok
test_failed_A_stops_series_and_omits_band_comparison (test_regularization.RegularizationTests.test_failed_A_stops_series_and_omits_band_comparison) ... ok
test_finite_one_sided_slopes_and_band_join (test_regularization.RegularizationTests.test_finite_one_sided_slopes_and_band_join) ... ok
test_local_discharge_and_physical_fill (test_regularization.RegularizationTests.test_local_discharge_and_physical_fill) ... ok
test_only_external_links_change_and_auditor_sees_them (test_regularization.RegularizationTests.test_only_external_links_change_and_auditor_sees_them) ... ok
test_zero_sign_donor_and_transport (test_regularization.RegularizationTests.test_zero_sign_donor_and_transport) ... ok
test_constant_flow_nonuniform_intervals (test_simulation_audit.IndependentQuadratureTests.test_constant_flow_nonuniform_intervals) ... ok
test_endpoints_no_duplicate_time_and_seconds_conversion (test_simulation_audit.IndependentQuadratureTests.test_endpoints_no_duplicate_time_and_seconds_conversion) ... ok
test_linear_sign_change_and_different_donors (test_simulation_audit.IndependentQuadratureTests.test_linear_sign_change_and_different_donors) ... ok
test_quadratic_refinement_has_known_trapezoid_error (test_simulation_audit.IndependentQuadratureTests.test_quadratic_refinement_has_known_trapezoid_error) ... ok
test_rejected_attempt_does_not_enter_either_accumulator (test_simulation_audit.IndependentQuadratureTests.test_rejected_attempt_does_not_enter_either_accumulator) ... ok
test_wrong_transport_is_not_hidden_by_independent_audit (test_simulation_audit.IndependentQuadratureTests.test_wrong_transport_is_not_hidden_by_independent_audit) ... ok
test_closed_adiabatic_compression (test_simulation_elements.ElementaryControls.test_closed_adiabatic_compression) ... ok
test_compressible_reference_and_reversal (test_simulation_elements.ElementaryControls.test_compressible_reference_and_reversal) ... ok
test_connected_isolated_tanks (test_simulation_elements.ElementaryControls.test_connected_isolated_tanks) ... ok
test_geometry_and_work_sign (test_simulation_elements.ElementaryControls.test_geometry_and_work_sign) ... ok
test_homogeneous_marker_analytic_reference (test_simulation_elements.ElementaryControls.test_homogeneous_marker_analytic_reference) ... ok
test_prescribed_heat_and_analytic_marker (test_simulation_elements.ElementaryControls.test_prescribed_heat_and_analytic_marker) ... ok
test_actual_cancellation_latency_and_cold_start (test_simulation_protocol.ProtocolControls.test_actual_cancellation_latency_and_cold_start) ... ok
test_analytic_fresh_each_heat_stage_and_no_clipping (test_simulation_protocol.ProtocolControls.test_analytic_fresh_each_heat_stage_and_no_clipping) ... ok
test_convergence_requires_all_states_heat_and_balances (test_simulation_protocol.ProtocolControls.test_convergence_requires_all_states_heat_and_balances) ... ok
test_independent_quadrature_and_inventory_fault_detection (test_simulation_protocol.ProtocolControls.test_independent_quadrature_and_inventory_fault_detection) ... ok
test_initial_reverse_transfer_and_single_evaluation (test_simulation_protocol.ProtocolControls.test_initial_reverse_transfer_and_single_evaluation) ... ok
test_monitor_caps_progress_and_cancellation (test_simulation_protocol.ProtocolControls.test_monitor_caps_progress_and_cancellation) ... ok
test_no_qt_dependency (test_simulation_protocol.ProtocolControls.test_no_qt_dependency) ... ok
test_output_contains_states_signed_flows_and_pv (test_simulation_protocol.ProtocolControls.test_output_contains_states_signed_flows_and_pv) ... ok
test_sensitivity_does_not_require_trend_below_approved_floors (test_simulation_protocol.ProtocolControls.test_sensitivity_does_not_require_trend_below_approved_floors) ... ok
test_editor_close_protection_then_double_cancel (test_simulation_view.SimulationViewTests.test_editor_close_protection_then_double_cancel) ... ok
test_error_clears_previous_and_zero_exit_does_not_mean_success (test_simulation_view.SimulationViewTests.test_error_clears_previous_and_zero_exit_does_not_mean_success) ... ok
test_failed_start_and_unresponsive_child_are_bounded (test_simulation_view.SimulationViewTests.test_failed_start_and_unresponsive_child_are_bounded) ... ok
test_open_button_and_nonconverged_result (test_simulation_view.SimulationViewTests.test_open_button_and_nonconverged_result) ... ok
test_plot_keeps_time_order_and_continuous_angle (test_simulation_view.SimulationViewTests.test_plot_keeps_time_order_and_continuous_angle) ... ok
test_process_double_start_progress_single_process_and_cancel (test_simulation_view.SimulationViewTests.test_process_double_start_progress_single_process_and_cancel) ... ok
test_reopen_invalid_preserves_valid_and_project_is_independent (test_simulation_view.SimulationViewTests.test_reopen_invalid_preserves_valid_and_project_is_independent) ... ok
test_invalid_data_or_missing_destination_preserves_file (test_storage.StorageTests.test_invalid_data_or_missing_destination_preserves_file) ... ok
test_round_trip_utf8_both_cycles (test_storage.StorageTests.test_round_trip_utf8_both_cycles) ... ok
test_unreadable_malformed_and_invalid_files (test_storage.StorageTests.test_unreadable_malformed_and_invalid_files) ... ok
test_write_failures_preserve_old_file_and_remove_temporary (test_storage.StorageTests.test_write_failures_preserve_old_file_and_remove_temporary) ... ok
test_ab_old_and_new_effective_conditions (test_sweep.RpmTests.test_ab_old_and_new_effective_conditions) ... ok
test_angular_temporal_dependencies_and_initial_recipe (test_sweep.RpmTests.test_angular_temporal_dependencies_and_initial_recipe) ... ok
test_individual_records_separate_times_with_controlled_runner (test_sweep.RpmTests.test_individual_records_separate_times_with_controlled_runner) ... ok
test_plan_strict_bounds_types_endpoint (test_sweep.RpmTests.test_plan_strict_bounds_types_endpoint) ... ok
test_process_reconstructs_rpm_not_arbitrary_conditions (test_sweep.RpmTests.test_process_reconstructs_rpm_not_arbitrary_conditions) ... ok
test_v3_time_angle_and_old_versions (test_sweep.RpmTests.test_v3_time_angle_and_old_versions) ... ok
test_cancel_before_and_exclusive_folder (test_sweep.SweepTests.test_cancel_before_and_exclusive_folder) ... ok
test_cancel_between (test_sweep.SweepTests.test_cancel_between) ... ok
test_cancel_during (test_sweep.SweepTests.test_cancel_during) ... ok
test_diagnostic_reopen_integrity_and_csv (test_sweep.SweepTests.test_diagnostic_reopen_integrity_and_csv) ... ok
test_intermediate_failure_preserves_prefix_no_retry (test_sweep.SweepTests.test_intermediate_failure_preserves_prefix_no_retry) ... ok
test_single_copy_independent_starts_all_points (test_sweep.SweepTests.test_single_copy_independent_starts_all_points) ... ok
test_close_protects_edits_cancels_series_and_opens_no_dialog (test_sweep.SweepWindowTests.test_close_protects_edits_cancels_series_and_opens_no_dialog) ... ok
test_existing_destination_and_race_do_not_rewrite_other_series (test_sweep.SweepWindowTests.test_existing_destination_and_race_do_not_rewrite_other_series) ... ok
test_reopen_without_process_preserves_editor_and_stale (test_sweep.SweepWindowTests.test_reopen_without_process_preserves_editor_and_stale) ... ok
test_supervision_uses_point_clock_not_series_clock (test_sweep.SweepWindowTests.test_supervision_uses_point_clock_not_series_clock) ... ok
test_ui_strict_plan_and_one_process_snapshot (test_sweep.SweepWindowTests.test_ui_strict_plan_and_one_process_snapshot) ... ok
test_cancel_new_open_exit_and_window_close (test_window.WindowTests.test_cancel_new_open_exit_and_window_close) ... ok
test_cancelled_or_failed_save_blocks_transitions (test_window.WindowTests.test_cancelled_or_failed_save_blocks_transitions) ... ok
test_characteristics_roundtrip_cycle_and_dirty (test_window.WindowTests.test_characteristics_roundtrip_cycle_and_dirty) ... ok
test_compact_window_keeps_status_and_notice_visible (test_window.WindowTests.test_compact_window_keeps_status_and_notice_visible) ... ok
test_complete_sheet_survives_close_and_new_window (test_window.WindowTests.test_complete_sheet_survives_close_and_new_window) ... ok
test_cycle_keyboard_and_reopen (test_window.WindowTests.test_cycle_keyboard_and_reopen) ... ok
test_discard_new_open_and_close (test_window.WindowTests.test_discard_new_open_and_close) ... ok
test_ducts_both_routes_cycle_save_close_reopen (test_window.WindowTests.test_ducts_both_routes_cycle_save_close_reopen) ... ok
test_ducts_edit_reorder_delete_and_profile (test_window.WindowTests.test_ducts_edit_reorder_delete_and_profile) ... ok
test_ducts_file_failures_protect_data_and_v4_open (test_window.WindowTests.test_ducts_file_failures_protect_data_and_v4_open) ... ok
test_ducts_invalid_drafts_survive_selection_reorder_and_cancel (test_window.WindowTests.test_ducts_invalid_drafts_survive_selection_reorder_and_cancel) ... ok
test_ducts_keyboard_and_compact_layout (test_window.WindowTests.test_ducts_keyboard_and_compact_layout) ... ok
test_geometry_dependencies_and_invalid_save (test_window.WindowTests.test_geometry_dependencies_and_invalid_save) ... ok
test_initial_window_and_edit (test_window.WindowTests.test_initial_window_and_edit) ... ok
test_intake_invalid_draft_cancel_and_file_errors (test_window.WindowTests.test_intake_invalid_draft_cancel_and_file_errors) ... ok
test_intake_legacy_v3_no_rewrite_and_keyboard (test_window.WindowTests.test_intake_legacy_v3_no_rewrite_and_keyboard) ... ok
test_intake_results_update_and_clear_by_dependency (test_window.WindowTests.test_intake_results_update_and_clear_by_dependency) ... ok
test_intake_save_reopen_cycles_and_undefined (test_window.WindowTests.test_intake_save_reopen_cycles_and_undefined) ... ok
test_invalid_name_preserves_edit_and_path (test_window.WindowTests.test_invalid_name_preserves_edit_and_path) ... ok
test_kinematics_cycle_keyboard_and_compact_layout (test_window.WindowTests.test_kinematics_cycle_keyboard_and_compact_layout) ... ok
test_kinematics_updates_clears_and_preserves_json (test_window.WindowTests.test_kinematics_updates_clears_and_preserves_json) ... ok
test_large_integer_dimension_survives_open_and_save (test_window.WindowTests.test_large_integer_dimension_survives_open_and_save) ... ok
test_long_name_is_not_truncated_when_opened (test_window.WindowTests.test_long_name_is_not_truncated_when_opened) ... ok
test_long_path_remains_available_without_hiding_status (test_window.WindowTests.test_long_path_remains_available_without_hiding_status) ... ok
test_open_cancel_invalid_and_unreadable_preserve_pending (test_window.WindowTests.test_open_cancel_invalid_and_unreadable_preserve_pending) ... ok
test_open_same_file_after_save_uses_saved_data (test_window.WindowTests.test_open_same_file_after_save_uses_saved_data) ... ok
test_overwrite_accepted (test_window.WindowTests.test_overwrite_accepted) ... ok
test_port_curves_update_and_clear (test_window.WindowTests.test_port_curves_update_and_clear) ... ok
test_ports_edit_save_switch_delete_reopen (test_window.WindowTests.test_ports_edit_save_switch_delete_reopen) ... ok
test_ports_invalid_draft_survives_selection_and_cancel (test_window.WindowTests.test_ports_invalid_draft_survives_selection_and_cancel) ... ok
test_real_file_dialogs_save_open_and_cancel (test_window.WindowTests.test_real_file_dialogs_save_open_and_cancel) ... ok
test_real_overwrite_confirmation (test_window.WindowTests.test_real_overwrite_confirmation) ... ok
test_real_pending_dialog_buttons_and_escape (test_window.WindowTests.test_real_pending_dialog_buttons_and_escape) ... ok
test_responsive_groups (test_window.WindowTests.test_responsive_groups) ... ok
test_save_as_keeps_original_and_changes_active_path (test_window.WindowTests.test_save_as_keeps_original_and_changes_active_path) ... ok
test_save_before_new_open_and_close (test_window.WindowTests.test_save_before_new_open_and_close) ... ok
test_save_cancel_overwrite_reject_and_failure_preserve_state (test_window.WindowTests.test_save_cancel_overwrite_reject_and_failure_preserve_state) ... ok
test_v1_editor_opens_empty_features_without_rewriting (test_window.WindowTests.test_v1_editor_opens_empty_features_without_rewriting) ... ok
test_visible_toolbar_uses_protected_file_actions (test_window.WindowTests.test_visible_toolbar_uses_protected_file_actions) ... ok
test_active_process_survives_navigation_and_cancel (test_workspaces.WorkspaceTests.test_active_process_survives_navigation_and_cancel) ... ok
test_analysis_embedded_and_does_not_launch_worker (test_workspaces.WorkspaceTests.test_analysis_embedded_and_does_not_launch_worker) ... ok
test_close_while_in_another_workspace_cancels (test_workspaces.WorkspaceTests.test_close_while_in_another_workspace_cancels) ... ok
test_cycle_navigation_and_dirty_data_preserved (test_workspaces.WorkspaceTests.test_cycle_navigation_and_dirty_data_preserved) ... ok
test_embedded_csv_preview_confirmation_and_cancel (test_workspaces.WorkspaceTests.test_embedded_csv_preview_confirmation_and_cancel) ... ok
test_invalid_drafts_survive_navigation (test_workspaces.WorkspaceTests.test_invalid_drafts_survive_navigation) ... ok
test_keyboard_and_compact_navigation (test_workspaces.WorkspaceTests.test_keyboard_and_compact_navigation) ... ok
test_refined_columns_stack_without_losing_controls (test_workspaces.WorkspaceTests.test_refined_columns_stack_without_losing_controls) ... ok
test_refined_placeholders_and_preparation_are_not_results (test_workspaces.WorkspaceTests.test_refined_placeholders_and_preparation_are_not_results) ... ok
test_result_shared_panel_and_project_independence (test_workspaces.WorkspaceTests.test_result_shared_panel_and_project_independence) ... ok
test_summary_attention_routes_without_new_validation (test_workspaces.WorkspaceTests.test_summary_attention_routes_without_new_validation) ... ok
test_summary_uses_active_cycle_execution_contract (test_workspaces.WorkspaceTests.test_summary_uses_active_cycle_execution_contract) ... ok

======================================================================
ERROR: test_existing_real_sweep_read_only_no_motor (test_external_data.ExternalPersistenceTests.test_existing_real_sweep_read_only_no_motor)
----------------------------------------------------------------------
Traceback (most recent call last):
  File "C:\Users\ageribon\AppData\Local\Programs\Python\Python311\Lib\shutil.py", line 619, in _rmtree_unsafe
    os.unlink(fullname)
PermissionError: [WinError 5] Acceso denegado: 'C:\\Users\\AGERIB~1.MID\\AppData\\Local\\Temp\\tmpn6lqx0n0\\import\\original.csv'

During handling of the above exception, another exception occurred:

Traceback (most recent call last):
  File "C:\Users\ageribon\AppData\Local\Programs\Python\Python311\Lib\tempfile.py", line 878, in onerror
    _os.unlink(path)
PermissionError: [WinError 5] Acceso denegado: 'C:\\Users\\AGERIB~1.MID\\AppData\\Local\\Temp\\tmpn6lqx0n0\\import\\original.csv'

During handling of the above exception, another exception occurred:

Traceback (most recent call last):
  File "C:\Users\ageribon\AppData\Local\Programs\Python\Python311\Lib\tempfile.py", line 908, in cleanup
    self._rmtree(self.name, ignore_errors=self._ignore_cleanup_errors)
  File "C:\Users\ageribon\AppData\Local\Programs\Python\Python311\Lib\tempfile.py", line 890, in _rmtree
    _shutil.rmtree(name, onerror=onerror)
  File "C:\Users\ageribon\AppData\Local\Programs\Python\Python311\Lib\shutil.py", line 758, in rmtree
    return _rmtree_unsafe(path, onerror)
           ^^^^^^^^^^^^^^^^^^^^^^^^^^^^^
  File "C:\Users\ageribon\AppData\Local\Programs\Python\Python311\Lib\shutil.py", line 616, in _rmtree_unsafe
    _rmtree_unsafe(fullname, onerror)
  File "C:\Users\ageribon\AppData\Local\Programs\Python\Python311\Lib\shutil.py", line 621, in _rmtree_unsafe
    onerror(os.unlink, fullname, sys.exc_info())
  File "C:\Users\ageribon\AppData\Local\Programs\Python\Python311\Lib\tempfile.py", line 881, in onerror
    cls._rmtree(path, ignore_errors=ignore_errors)
  File "C:\Users\ageribon\AppData\Local\Programs\Python\Python311\Lib\tempfile.py", line 890, in _rmtree
    _shutil.rmtree(name, onerror=onerror)
  File "C:\Users\ageribon\AppData\Local\Programs\Python\Python311\Lib\shutil.py", line 758, in rmtree
    return _rmtree_unsafe(path, onerror)
           ^^^^^^^^^^^^^^^^^^^^^^^^^^^^^
  File "C:\Users\ageribon\AppData\Local\Programs\Python\Python311\Lib\shutil.py", line 602, in _rmtree_unsafe
    onerror(os.scandir, path, sys.exc_info())
  File "C:\Users\ageribon\AppData\Local\Programs\Python\Python311\Lib\shutil.py", line 599, in _rmtree_unsafe
    with os.scandir(path) as scandir_it:
         ^^^^^^^^^^^^^^^^
NotADirectoryError: [WinError 267] El nombre del directorio no es válido: 'C:\\Users\\AGERIB~1.MID\\AppData\\Local\\Temp\\tmpn6lqx0n0\\import\\original.csv'

----------------------------------------------------------------------
Ran 280 tests in 114.336s

FAILED (errors=1)
