START T02_sod_0.2
END T02_sod_0.2 PASS 4.984s []
START T01_rest
END T01_rest PASS 0.438s []
START T01_moving
END T01_moving PASS 0.406s []
START T02_sod
END T02_sod PASS 2.453s []
START T03
END T03 PASS 12.032s []
START T04
PROGRESS T04 step=2000 t=0.0019563986
END T04 PASS 46.156s []
START T05
PROGRESS T05 step=2000 t=0.0019563985
END T05 PASS 46.079s []
START T06_contact
PROGRESS T06_contact step=2000 t=0.0048885526
END T06_contact PASS 20.047s []
START T07_periodic
END T07_periodic PASS 0.984s []
START T07_closed
END T07_closed PASS 0.890s []
START T07_open
END T07_open PASS 0.890s []
START T08_constant_rest_100
END T08_constant_rest_100 PASS 0.422s []
START T08_constant_rest_200
END T08_constant_rest_200 PASS 1.625s []
START T08_constant_rest_400
END T08_constant_rest_400 PASS 7.000s []
START T08_smooth_rest_100
END T08_smooth_rest_100 PASS 0.484s []
START T08_smooth_rest_200
END T08_smooth_rest_200 PASS 1.750s []
START T08_smooth_rest_400
END T08_smooth_rest_400 PASS 7.438s []
START T08_frustum_rest_100
END T08_frustum_rest_100 PASS 0.453s []
START T08_frustum_rest_200
END T08_frustum_rest_200 PASS 1.781s []
START T08_frustum_rest_400
END T08_frustum_rest_400 PASS 6.813s []
START T08_constant_flow_100
END T08_constant_flow_100 PASS 0.469s []
START T08_constant_flow_200
END T08_constant_flow_200 PASS 1.907s []
START T08_constant_flow_400
END T08_constant_flow_400 PASS 7.766s []
START T08_smooth_flow_100
END T08_smooth_flow_100 PASS 0.500s []
START T08_smooth_flow_200
END T08_smooth_flow_200 PASS 2.000s []
START T08_smooth_flow_400
END T08_smooth_flow_400 PASS 8.094s []
START T08_frustum_flow_100
END T08_frustum_flow_100 PASS 0.531s []
START T08_frustum_flow_200
END T08_frustum_flow_200 PASS 2.000s []
START T08_frustum_flow_400
END T08_frustum_flow_400 PASS 8.015s []
START T09_contact
PROGRESS T09_contact step=2000 t=0.0048885526
END T09_contact PASS 20.422s []
START T09_reverse
PROGRESS T09_reverse step=2000 t=0.0048885526
END T09_reverse PASS 20.406s []
START T09_inleft
END T09_inleft PASS 10.250s []
START T09_inright
END T09_inright PASS 10.218s []
START T10_100
END T10_100 PASS 2.656s []
START T10_200
PROGRESS T10_200 step=2000 t=0.0093680371
END T10_200 PASS 10.797s []
START T10_400
PROGRESS T10_400 step=2000 t=0.0046793004
PROGRESS T10_400 step=4000 t=0.0093617709
PROGRESS T10_400 step=6000 t=0.014047364
END T10_400 PASS 44.000s []
START T10_800
PROGRESS T10_800 step=2000 t=0.0023390491
PROGRESS T10_800 step=4000 t=0.0046784991
PROGRESS T10_800 step=6000 t=0.0070183483
PROGRESS T10_800 step=8000 t=0.0093585953
PROGRESS T10_800 step=10000 t=0.011699239
PROGRESS T10_800 step=12000 t=0.014040277
END T10_800 PASS 171.438s []
START T02_sod_0.4
END T02_sod_0.4 PASS 2.515s []
START T02_sod_0.6
END T02_sod_0.6 PASS 1.672s []
START T03_0.2
END T03_0.2 PASS 23.984s []
START T03_0.4
END T03_0.4 PASS 12.219s []
START T03_0.6
END T03_0.6 PASS 8.172s []
START T12_expansion
END T12_expansion PASS 1.296s []
START T12_contact
PROGRESS T12_contact step=2000 t=0.0048885526
END T12_contact PASS 20.000s []
START T12_pure0
PROGRESS T12_pure0 step=2000 t=0.0048885526
END T12_pure0 PASS 19.828s []
START T12_pure1
PROGRESS T12_pure1 step=2000 t=0.0048885526
END T12_pure1 PASS 20.000s []
START T12_frustum_0_100
END T12_frustum_0_100 PASS 0.422s []
START T12_frustum_0_200
END T12_frustum_0_200 PASS 1.781s []
START T12_frustum_0_400
END T12_frustum_0_400 PASS 6.844s []
START T12_frustum_1_100
END T12_frustum_1_100 PASS 0.453s []
START T12_frustum_1_200
END T12_frustum_1_200 PASS 1.672s []
START T12_frustum_1_400
END T12_frustum_1_400 PASS 6.750s []
