START T01_rest
END T01_rest PASS 1.0630000000819564 []
START T01_moving
END T01_moving PASS 1.2970000002533197 []
START T12_expansion
END T12_expansion PASS 4.796000000089407 []
START T12_contact
PROGRESS T12_contact N=400 step=2000 t=0.0047394517
END T12_contact PASS 66.57799999974668 []
START T12_pure0
PROGRESS T12_pure0 N=400 step=2000 t=0.0048152243
END T12_pure0 PASS 69.21899999957532 []
START T12_pure1
PROGRESS T12_pure1 N=400 step=2000 t=0.0048152243
END T12_pure1 PASS 69.17200000025332 []
START T02_sod
END T02_sod PASS 11.140999999828637 []
START T03
END T03 PASS 37.063000000081956 []
START T04
PROGRESS T04 N=800 step=2000 t=0.0019563985
END T04 FAIL 120.06199999991804 ['completed']
