START wave straight 100 0.4 3000
END straight_N100_CFL0.4_RPM3000 PASS 2.031000000424683 {'arrival': None, 'expected_center_return': 0.0007956119304487128, 'negative': -0.0001638906580433169, 'positive': -3.928989408688616e-05, 'pressure_integral': 1.7545424938483187e-06, 'mass_exchange': -3.656141244894745e-13, 'arrival_angle': None, 'closing_angle': 270.0, 'volume': 0.00023561944901923448, 'signal_peak': 0.0001638906580433169}
START wave diffuser 100 0.4 3000
END diffuser_N100_CFL0.4_RPM3000 PASS 2.6409999998286366 {'arrival': 0.0007294377566062338, 'expected_center_return': 0.0007973772410982832, 'negative': -7.140503511341666, 'positive': -0.15499526411354853, 'pressure_integral': 0.005919629708938169, 'mass_exchange': -1.05379240913192e-09, 'arrival_angle': 193.1298796189122, 'closing_angle': 270.0, 'volume': 0.0006754424205218056, 'signal_peak': 7.140503511341666}
START wave converger 100 0.4 3000
END converger_N100_CFL0.4_RPM3000 PASS 3.4220000002533197 {'arrival': 0.0007551741830606448, 'expected_center_return': 0.0007973772410982832, 'negative': 0.08525822913933749, 'positive': 6.506222230827691, 'pressure_integral': 0.005813212756817029, 'mass_exchange': 1.8986360061684198e-09, 'arrival_angle': 193.5931352950916, 'closing_angle': 270.0, 'volume': 0.0001217367153266045, 'signal_peak': 6.506222230827691}
START wave chain 100 0.4 3000
END chain_N100_CFL0.4_RPM3000 PASS 4.0 {'arrival': 0.0007293668726328516, 'expected_center_return': 0.0007973772410982832, 'negative': -7.149944651157595, 'positive': -0.15013065119224533, 'pressure_integral': 0.009339956963644895, 'mass_exchange': 6.814887252777317e-10, 'arrival_angle': 193.12860370739133, 'closing_angle': 270.0, 'volume': 0.0004084070449666731, 'signal_peak': 7.149944651157595}
START wave long 100 0.4 3000
END long_N100_CFL0.4_RPM3000 PASS 4.4690000005066395 {'arrival': 0.0012975709101858068, 'expected_center_return': 0.0013822382386136623, 'negative': -6.913032399283285, 'positive': -0.39793156054614154, 'pressure_integral': 0.006719235118860816, 'mass_exchange': -1.1554620913784273e-09, 'arrival_angle': 203.35627638334452, 'closing_angle': 270.0, 'volume': 0.00043982297150257097, 'signal_peak': 6.913032399283285}
START wave equal_volume 100 0.4 3000
END equal_volume_N100_CFL0.4_RPM3000 PASS 4.2809999994933605 {'arrival': 0.0012976091966538815, 'expected_center_return': 0.0013822382386136623, 'negative': -6.914695491867896, 'positive': -0.3985495475134, 'pressure_integral': 0.006712242506551535, 'mass_exchange': -1.1557085017380333e-09, 'arrival_angle': 203.35696553976987, 'closing_angle': 270.0, 'volume': 0.000408407044966673, 'signal_peak': 6.914695491867896}
START wave chain 100 0.4 2500
END chain_N100_CFL0.4_RPM2500 PASS 3.9380000000819564 {'arrival': 0.0007293668726328516, 'expected_center_return': 0.0007973772410982832, 'negative': -7.149944651157595, 'positive': -0.15013065119224533, 'pressure_integral': 0.009339882020630089, 'mass_exchange': 6.814879320902059e-10, 'arrival_angle': 190.94050308949278, 'closing_angle': 270.0, 'volume': 0.0004084070449666731, 'signal_peak': 7.149944651157595}
START wave chain 100 0.4 3500
END chain_N100_CFL0.4_RPM3500 PASS 3.9680000003427267 {'arrival': 0.0007293668726328516, 'expected_center_return': 0.0007973772410982832, 'negative': -7.149944651157595, 'positive': -0.15013065119224533, 'pressure_integral': 0.009339885652008495, 'mass_exchange': 6.814849213241235e-10, 'arrival_angle': 195.3167043252899, 'closing_angle': 270.0, 'volume': 0.0004084070449666731, 'signal_peak': 7.149944651157595}
START wave diffuser 200 0.4 3000
END diffuser_N200_CFL0.4_RPM3000 PASS 13.234000000171363 {'arrival': 0.0007419262304016533, 'expected_center_return': 0.0007919455160226819, 'negative': -7.5933229975820495, 'positive': -0.017477218227874895, 'pressure_integral': 0.0060843471169031126, 'mass_exchange': -1.052713433474094e-09, 'arrival_angle': 193.35467214722976, 'closing_angle': 270.0, 'volume': 0.0006754424205218056, 'signal_peak': 7.5933229975820495}
START wave diffuser 400 0.4 3000
END diffuser_N400_CFL0.4_RPM3000 PASS 48.53100000042468 {'arrival': 0.000752397432216339, 'expected_center_return': 0.0007933161382380206, 'negative': -7.858321655291528, 'positive': -0.001792760431701432, 'pressure_integral': 0.006150410108516114, 'mass_exchange': -1.052302914556643e-09, 'arrival_angle': 193.5431537798941, 'closing_angle': 270.0, 'volume': 0.0006754424205218056, 'signal_peak': 7.858321655291528}
START wave diffuser 100 0.2 3000
END diffuser_N100_CFL0.2_RPM3000 PASS 5.203000000678003 {'arrival': 0.0007294244425833901, 'expected_center_return': 0.0007973772410982832, 'negative': -7.158502541921459, 'positive': -0.15761531929981198, 'pressure_integral': 0.00593135904575395, 'mass_exchange': -1.0551087667196904e-09, 'arrival_angle': 193.12963996650103, 'closing_angle': 270.0, 'volume': 0.0006754424205218056, 'signal_peak': 7.158502541921459}
START wave diffuser 100 0.6 3000
END diffuser_N100_CFL0.6_RPM3000 PASS 1.968999999575317 {'arrival': 0.0007291252778865085, 'expected_center_return': 0.0007973772410982832, 'negative': -7.1189402694122546, 'positive': -0.14661713013132283, 'pressure_integral': 0.00591257319362883, 'mass_exchange': -1.0516474951109118e-09, 'arrival_angle': 193.12425500195715, 'closing_angle': 270.0, 'volume': 0.0006754424205218056, 'signal_peak': 7.1189402694122546}
START blowdown blowdown 200 0.4 3000
END blowdown_N200_CFL0.4 PASS 70.36000000033528 {'arrival': 0.0008792962154978552, 'pressure_integral': 164.80499877841976, 'mass_exchange': -9.700772869391448e-05}
START blowdown blowdown 400 0.4 3000
END blowdown_N400_CFL0.4 PASS 271.25 {'arrival': 0.0008749014071691907, 'pressure_integral': 164.89973448238882, 'mass_exchange': -9.700999337738677e-05}
START blowdown blowdown 100 0.2 3000
END blowdown_N100_CFL0.2 PASS 34.51599999982864 {'arrival': 0.0008744234723674275, 'pressure_integral': 164.75699741099015, 'mass_exchange': -9.700567964109976e-05}
START blowdown blowdown 100 0.6 3000
END blowdown_N100_CFL0.6 PASS 12.01600000075996 {'arrival': 0.0008776770642283987, 'pressure_integral': 164.70187520471075, 'mass_exchange': -9.700562351936808e-05}
