REUSE T01_rest 0fe467d6825df2bc6e5584f6f601e2032d5d1827629e5fd61ef4ac1a7b56054a
REUSE T01_moving ba7c37078adb0dd4a05db49be341642a8f1a717db5c27bf11e7163d69aa96044
REUSE T02_sod 11eb90f1730be643232ca64aef48b01bfbddb60bd3d0669e1e4b88c2436d8de5
REUSE T03 8eba830c5fdbae80d44221febf008fe9cac7247f8c102cfad2ea7071b6e0d2db
REUSE T04 40196264cffa500fcb15bfd0107ce8544b0bf5663b5845794502a0d72a24fdab
REUSE T05 54a8066cefd11e2e0bde4b85f775c4223b5c7c82b2984dde6ab890f6dec8cc70
REUSE T06_contact 3db45879c8121a2ab3577fc76a175ee15b09edd7baf9f0fe480d834526f7d969
REUSE T07_periodic 3cea7b62cbaf8bce52b39cd142c7789f10e556b22c19ff7088107bf937390c91
REUSE T07_closed 231ecebc44e13c9cd5557802659e8be6cb9dc5baae2c3513750b184f793929b4
REUSE T07_open bbd54bde009848c2f30d0b19addc3f74198f14e7481cf169277f00d7bdfffd8a
REUSE T08_constant_rest_100 6e674a5325bcc7c92d09f2ec2b7b2a25e36319770381330be2f0111efe395506
REUSE T08_constant_rest_200 9370719948511c6bfb647e71f7c928c048fc5a69e927ba14bffe42c6b37c0e80
REUSE T08_constant_rest_400 dab0fba8c6ec6b950f7ece2aeca4af94f234bdafc483f916067ebc2756ab1ffd
REUSE T08_smooth_rest_100 017ac0b407619589ce4c57778b2ffa415193c92f9685106a37205e37335ca54d
REUSE T08_smooth_rest_200 f096eab0e47bbcedee67a3ddff8c3241cbfcf00d7656f7206d185567f93de5e5
REUSE T08_smooth_rest_400 2642e7056a0d7761d4cd4787805b45c05d2001b19596855e68d2de9b12c079ab
REUSE T08_frustum_rest_100 362bed965654f4482053558e758550d747c2bd90feb6ba45dd6ef3bffb6ab169
REUSE T08_frustum_rest_200 43e305cfcc7c99beef37d433125b3022f9ea6870981282436714d658d406be2c
REUSE T08_frustum_rest_400 c39c6f1a1ad7488daf2e57b52951097fcc1c3b2679c1e3d11d33b2627602eb45
REUSE T08_constant_flow_100 1b4b6b7bf0947424176713be51adae7d43f2241d96adfc0c647672b327b1f163
REUSE T08_constant_flow_200 96669f673963386d51b9fae84f9e364f1892b7434f272c318d74c6d5c75ccf26
REUSE T08_constant_flow_400 6d4931a718244610aa381071f2502909ca8f0c911dbcaeaeb0c20e6b20148abd
REUSE T08_smooth_flow_100 d6d1edbded381474ce69b17fd601575bb6f2009c7942075376d26c8591bc037e
REUSE T08_smooth_flow_200 dce288b43a2989e0ef5d7193efb0d6081d7b307e829321c1545bf311bece498a
REUSE T08_smooth_flow_400 6029d9c938440b8af5c739f5d334f53092770388b73c657e391f7c5d577f54d9
REUSE T08_frustum_flow_100 bb19ebaf22764e3eda5a0a6535e3cc03a25ebe702d06ea34f9aa8fe7a4065877
REUSE T08_frustum_flow_200 e059204258d7a79c0da2cfb23d8abcb1fdb155a90893eeb1fb2c62b53c48c288
REUSE T08_frustum_flow_400 94099f0fadec4005b73704bb0d16173b41ff4a67e9fc47dc089a3b186e3af848
REUSE T09_contact 7e31ce9f5de028324983a64c0f498eb7c1582298dc077008e4d64a9f4c9c6ac7
REUSE T09_reverse d64cbd549f88c9930de86b79c3219ad077c085d06256d8976e47b34c5e9bf923
REUSE T09_inleft 7273fdc96feb80a362c8ac4b258da148db4dfd5920ef1b19657c0d391d36249c
REUSE T09_inright 4ccb90c852ea3a22decf101d009320d501f1e0afc58e9f660459702b893490ed
REUSE T10_100 54d5e5eead649cf13092cdded91ff6ee05da6aa6582598dc639cf7c0be4694ff
REUSE T10_200 11d61030d1d2d89715dbb03b6c34f5cab6a7431914db1a847ce847ea2631a4b1
REUSE T10_400 c0bc1d00ae2f6dd3f7289bc84561ecb803a038f2bd43c0f0eb64788923a142ca
RETAIN_INCOMPLETE T10_800 31ad507ce9dda176e7703fdbe838e57715f9d6679cd380b7115ca572449d8e88
START T02_sod_0.2 timeout=300
END T02_sod_0.2 PASS 19.5 []
START T02_sod_0.4 timeout=300
END T02_sod_0.4 PASS 11.125 []
START T02_sod_0.6 timeout=300
END T02_sod_0.6 PASS 9.25 []
START T03_0.2 timeout=300
END T03_0.2 PASS 74.20299999974668 []
START T03_0.4 timeout=300
END T03_0.4 PASS 37.514999999664724 []
START T03_0.6 timeout=300
END T03_0.6 PASS 30.468999999575317 []
START T03_0.2_N400 timeout=300
END T03_0.2_N400 PASS 18.75 []
START T03_0.4_N400 timeout=300
END T03_0.4_N400 PASS 9.218999999575317 []
START T03_0.6_N400 timeout=300
END T03_0.6_N400 PASS 6.125 []
START T03_0.2_N1600 timeout=300
PROGRESS T03_0.2 N=1600 step=2000 t=0.00073321947
END T03_0.2_N1600 FAIL 300.0939999995753 ['completed']
START T03_0.4_N1600 timeout=300
END T03_0.4_N1600 PASS 153.57799999974668 []
START T03_0.6_N1600 timeout=300
END T03_0.6_N1600 PASS 125.23400000017136 []
REUSE T12_expansion 508ead694fd73c7c098e869262be2ed85714b1df560cb2976bf4f2e29400878f
REUSE T12_contact 68fd8e07ee17883d9e4d84a1af3b3065ad3aaedc8f7f8444a3a39f12c69be7a2
REUSE T12_pure0 b458b6354793ed2933cff238965992b9f437b92ff7328aa90b7c6a2b2d01ee7d
REUSE T12_pure1 d14330649d9fab6099fe58bc49143b1d31aace6ca89306d45e6fdf287ba7c7c1
START T12_frustum_0_100 timeout=300
END T12_frustum_0_100 PASS 1.6569999996572733 []
START T12_frustum_0_200 timeout=300
END T12_frustum_0_200 PASS 5.203999999910593 []
START T12_frustum_0_400 timeout=300
END T12_frustum_0_400 PASS 25.828000000678003 []
START T12_frustum_1_100 timeout=300
END T12_frustum_1_100 PASS 1.6409999998286366 []
START T12_frustum_1_200 timeout=300
END T12_frustum_1_200 PASS 5.156999999657273 []
START T12_frustum_1_400 timeout=300
END T12_frustum_1_400 PASS 25.688000000081956 []
